// Vitest Snapshot v1, https://vitest.dev/guide/snapshot.html

exports[`Encoding > Encode and decode round trip 1`] = `
Uint8Array [
  4,
  0,
  0,
  0,
  0,
  0,
  0,
  0,
  0,
  0,
  0,
  0,
  21,
  205,
  91,
  7,
  0,
  0,
  0,
  0,
  1,
  0,
  0,
  0,
  0,
  0,
  0,
  0,
  6,
  0,
  0,
  0,
  0,
  0,
  0,
  0,
  228,
  189,
  160,
  229,
  165,
  189,
  2,
  0,
  0,
  0,
  0,
  0,
  0,
  0,
  21,
  205,
  91,
  7,
  0,
  0,
  0,
  0,
]
`;

exports[`Encoding > Encode and decode round trip 4`] = `
Uint8Array [
  35,
  0,
  0,
  0,
  0,
  0,
  0,
  0,
  230,
  151,
  169,
  228,
  184,
  138,
  229,
  165,
  189,
  240,
  159,
  135,
  168,
  240,
  159,
  135,
  179,
  44,
  32,
  231,
  142,
  176,
  229,
  156,
  168,
  230,
  136,
  145,
  230,
  156,
  137,
  240,
  159,
  141,
  166,
  144,
  1,
  0,
  0,
  19,
  0,
  0,
  0,
  0,
  0,
  0,
  0,
  231,
  142,
  176,
  229,
  156,
  168,
  230,
  152,
  175,
  240,
  159,
  141,
  166,
  230,
  151,
  182,
  233,
  151,
  180,
  145,
  1,
  0,
  0,
  33,
  0,
  0,
  0,
  0,
  0,
  0,
  0,
  231,
  187,
  153,
  228,
  187,
  150,
  228,
  184,
  128,
  231,
  130,
  185,
  229,
  176,
  143,
  229,
  176,
  143,
  231,
  154,
  132,
  228,
  184,
  173,
  229,
  155,
  189,
  233,
  156,
  135,
  230,
  146,
  188,
  146,
  1,
  0,
  0,
]
`;
